Copyright 1986-2018 Xilinx, Inc. All Rights Reserved.
------------------------------------------------------------------------------------------
| Tool Version : Vivado v.2018.1 (win64) Build 2188600 Wed Apr  4 18:40:38 MDT 2018
| Date         : Mon Dec  7 18:39:32 2020
| Host         : LAPTOP-7IRJGVEJ running 64-bit major release  (build 9200)
| Command      : report_control_sets -verbose -file snake_wrapper_control_sets_placed.rpt
| Design       : snake_wrapper
| Device       : xc7z020
------------------------------------------------------------------------------------------

Control Set Information

Table of Contents
-----------------
1. Summary
2. Histogram
3. Flip-Flop Distribution
4. Detailed Control Set Information

1. Summary
----------

+----------------------------------------------------------+-------+
|                          Status                          | Count |
+----------------------------------------------------------+-------+
| Number of unique control sets                            |   150 |
| Unused register locations in slices containing registers |   706 |
+----------------------------------------------------------+-------+


2. Histogram
------------

+--------+--------------+
| Fanout | Control Sets |
+--------+--------------+
|      2 |            2 |
|      4 |            5 |
|      5 |            1 |
|      6 |            1 |
|      7 |            2 |
|      8 |            2 |
|      9 |            1 |
|     10 |            1 |
|     11 |          128 |
|     15 |            2 |
|    16+ |            5 |
+--------+--------------+


3. Flip-Flop Distribution
-------------------------

+--------------+-----------------------+------------------------+-----------------+--------------+
| Clock Enable | Synchronous Set/Reset | Asynchronous Set/Reset | Total Registers | Total Slices |
+--------------+-----------------------+------------------------+-----------------+--------------+
| No           | No                    | No                     |             129 |           56 |
| No           | No                    | Yes                    |              12 |            5 |
| No           | Yes                   | No                     |             160 |           49 |
| Yes          | No                    | No                     |            1419 |          848 |
| Yes          | No                    | Yes                    |               0 |            0 |
| Yes          | Yes                   | No                     |              30 |           13 |
+--------------+-----------------------+------------------------+-----------------+--------------+


4. Detailed Control Set Information
-----------------------------------

+---------------------------------------------------------------------+--------------------------------------------------------+-----------------------------------------------------------------------------------------+------------------+----------------+
|                             Clock Signal                            |                      Enable Signal                     |                                     Set/Reset Signal                                    | Slice Load Count | Bel Load Count |
+---------------------------------------------------------------------+--------------------------------------------------------+-----------------------------------------------------------------------------------------+------------------+----------------+
|  snake_i/clk_wiz_0/inst/clk_out1                                    |                                                        | snake_i/rgb2dvi_0/U0/ClockGenInternal.ClockGenX/LockLostReset/aRst_int_0                |                1 |              2 |
|  snake_i/clk_wiz_0/inst/clk_out1                                    |                                                        | snake_i/rgb2dvi_0/U0/ClockGenInternal.ClockGenX/in0                                     |                1 |              2 |
|  snake_i/SNES_0/inst/snesClkDiv/clkdiv                              | snake_i/SNES_0/inst/snesInput/p_0_in                   |                                                                                         |                2 |              4 |
| ~snake_i/SNES_0/inst/snesClkDiv/clkdiv                              | snake_i/SNES_0/inst/snesInput/D[1]                     | snake_i/SNES_0/inst/snesInput/FSM_onehot_present_state_reg_n_0_[0]                      |                2 |              4 |
|  snake_i/clk_wiz_0/inst/clk_out1                                    |                                                        | snake_i/rgb2dvi_0/U0/ClockGenInternal.ClockGenX/LockLostReset/SyncAsyncx/oSyncStages[1] |                1 |              4 |
|  sysclk_IBUF_BUFG                                                   |                                                        | reset_IBUF                                                                              |                2 |              4 |
|  snake_i/clk_wiz_0/inst/clk_out1                                    | snake_i/snakeController_0/inst/snakeX2[0][3]_i_2_n_0   | snake_i/snakeController_0/inst/snakeX2[0][3]_i_1_n_0                                    |                1 |              4 |
|  snake_i/clk_wiz_0/inst/clk_out1                                    |                                                        | snake_i/snakeController_0/inst/ran/j_reg[4]_i_1_n_4                                     |                1 |              5 |
|  snake_i/clk_wiz_0/inst/clk_out1                                    |                                                        | snake_i/snakeController_0/inst/ran/clear                                                |                1 |              6 |
|  snake_i/clk_wiz_0/inst/clk_out1                                    | snake_i/snakeController_0/inst/updatetDir0             |                                                                                         |                7 |              7 |
|  snake_i/clk_wiz_0/inst/clk_out1                                    | snake_i/snakeController_0/inst/updateSize              | snake_i/snakeController_0/inst/updateSize[6]_i_1_n_0                                    |                6 |              7 |
| ~snake_i/SNES_0/inst/snesClkDiv/clkdiv                              |                                                        |                                                                                         |                3 |              8 |
|  snake_i/SNES_0/inst/snesInput/FSM_onehot_present_state_reg_n_0_[3] |                                                        |                                                                                         |                5 |              8 |
|  sysclk_IBUF_BUFG                                                   |                                                        |                                                                                         |                5 |              9 |
|  snake_i/clk_wiz_0/inst/clk_out1                                    |                                                        | snake_i/rgb2dvi_0/U0/DataEncoders[0].DataEncoder/pDataOutRaw[9]_i_1__1_n_0              |                4 |             10 |
|  snake_i/clk_wiz_0/inst/clk_out1                                    | snake_i/snakeController_0/inst/snakeY2[95][4]_i_1_n_0  |                                                                                         |                7 |             11 |
|  snake_i/clk_wiz_0/inst/clk_out1                                    | snake_i/snakeController_0/inst/snakeY2[70][4]_i_1_n_0  |                                                                                         |                6 |             11 |
|  snake_i/clk_wiz_0/inst/clk_out1                                    | snake_i/snakeController_0/inst/snakeY2[90][4]_i_1_n_0  |                                                                                         |                9 |             11 |
|  snake_i/clk_wiz_0/inst/clk_out1                                    | snake_i/snakeController_0/inst/snakeY2[94][4]_i_1_n_0  |                                                                                         |                7 |             11 |
|  snake_i/clk_wiz_0/inst/clk_out1                                    | snake_i/snakeController_0/inst/snakeY2[78][4]_i_1_n_0  |                                                                                         |                7 |             11 |
|  snake_i/clk_wiz_0/inst/clk_out1                                    | snake_i/snakeController_0/inst/appleX                  |                                                                                         |                3 |             11 |
|  snake_i/clk_wiz_0/inst/clk_out1                                    | snake_i/snakeController_0/inst/randomY                 |                                                                                         |                5 |             11 |
|  snake_i/clk_wiz_0/inst/clk_out1                                    | snake_i/snakeController_0/inst/snakeX2                 |                                                                                         |                6 |             11 |
|  snake_i/clk_wiz_0/inst/clk_out1                                    | snake_i/snakeController_0/inst/snakeY2[16][4]_i_1_n_0  |                                                                                         |                7 |             11 |
|  snake_i/clk_wiz_0/inst/clk_out1                                    | snake_i/snakeController_0/inst/snakeY2[125][4]_i_1_n_0 |                                                                                         |                6 |             11 |
|  snake_i/clk_wiz_0/inst/clk_out1                                    | snake_i/snakeController_0/inst/snakeY2[24][4]_i_1_n_0  |                                                                                         |                8 |             11 |
|  snake_i/clk_wiz_0/inst/clk_out1                                    | snake_i/snakeController_0/inst/snakeY2[10][4]_i_1_n_0  |                                                                                         |               10 |             11 |
|  snake_i/clk_wiz_0/inst/clk_out1                                    | snake_i/snakeController_0/inst/snakeY2[1][4]_i_1_n_0   |                                                                                         |                7 |             11 |
|  snake_i/clk_wiz_0/inst/clk_out1                                    | snake_i/snakeController_0/inst/snakeY2[110][4]_i_1_n_0 |                                                                                         |                6 |             11 |
|  snake_i/clk_wiz_0/inst/clk_out1                                    | snake_i/snakeController_0/inst/snakeY2[17][4]_i_1_n_0  |                                                                                         |                7 |             11 |
|  snake_i/clk_wiz_0/inst/clk_out1                                    | snake_i/snakeController_0/inst/snakeY2[11][4]_i_1_n_0  |                                                                                         |                7 |             11 |
|  snake_i/clk_wiz_0/inst/clk_out1                                    | snake_i/snakeController_0/inst/snakeY2[116][4]_i_1_n_0 |                                                                                         |                4 |             11 |
|  snake_i/clk_wiz_0/inst/clk_out1                                    | snake_i/snakeController_0/inst/snakeY2[123][4]_i_1_n_0 |                                                                                         |                7 |             11 |
|  snake_i/clk_wiz_0/inst/clk_out1                                    | snake_i/snakeController_0/inst/snakeY2[102][4]_i_1_n_0 |                                                                                         |                7 |             11 |
|  snake_i/clk_wiz_0/inst/clk_out1                                    | snake_i/snakeController_0/inst/snakeY2[113][4]_i_1_n_0 |                                                                                         |                8 |             11 |
|  snake_i/clk_wiz_0/inst/clk_out1                                    | snake_i/snakeController_0/inst/snakeY2[111][4]_i_1_n_0 |                                                                                         |                6 |             11 |
|  snake_i/clk_wiz_0/inst/clk_out1                                    | snake_i/snakeController_0/inst/snakeY2[100][4]_i_1_n_0 |                                                                                         |                5 |             11 |
|  snake_i/clk_wiz_0/inst/clk_out1                                    | snake_i/snakeController_0/inst/snakeY2[15][4]_i_1_n_0  |                                                                                         |                6 |             11 |
|  snake_i/clk_wiz_0/inst/clk_out1                                    | snake_i/snakeController_0/inst/snakeY2[106][4]_i_1_n_0 |                                                                                         |                5 |             11 |
|  snake_i/clk_wiz_0/inst/clk_out1                                    | snake_i/snakeController_0/inst/snakeY2[19][4]_i_1_n_0  |                                                                                         |                7 |             11 |
|  snake_i/clk_wiz_0/inst/clk_out1                                    | snake_i/snakeController_0/inst/snakeY2[21][4]_i_1_n_0  |                                                                                         |                8 |             11 |
|  snake_i/clk_wiz_0/inst/clk_out1                                    | snake_i/snakeController_0/inst/snakeY2[22][4]_i_1_n_0  |                                                                                         |                7 |             11 |
|  snake_i/clk_wiz_0/inst/clk_out1                                    | snake_i/snakeController_0/inst/snakeY2[25][4]_i_1_n_0  |                                                                                         |                9 |             11 |
|  snake_i/clk_wiz_0/inst/clk_out1                                    | snake_i/snakeController_0/inst/snakeY2[103][4]_i_1_n_0 |                                                                                         |                6 |             11 |
|  snake_i/clk_wiz_0/inst/clk_out1                                    | snake_i/snakeController_0/inst/snakeY2[101][4]_i_1_n_0 |                                                                                         |                6 |             11 |
|  snake_i/clk_wiz_0/inst/clk_out1                                    | snake_i/snakeController_0/inst/snakeY2[114][4]_i_1_n_0 |                                                                                         |                5 |             11 |
|  snake_i/clk_wiz_0/inst/clk_out1                                    | snake_i/snakeController_0/inst/snakeY2[120][4]_i_1_n_0 |                                                                                         |                6 |             11 |
|  snake_i/clk_wiz_0/inst/clk_out1                                    | snake_i/snakeController_0/inst/snakeY2[124][4]_i_1_n_0 |                                                                                         |                5 |             11 |
|  snake_i/clk_wiz_0/inst/clk_out1                                    | snake_i/snakeController_0/inst/snakeY2[13][4]_i_1_n_0  |                                                                                         |                7 |             11 |
|  snake_i/clk_wiz_0/inst/clk_out1                                    | snake_i/snakeController_0/inst/snakeY2[20][4]_i_1_n_0  |                                                                                         |                7 |             11 |
|  snake_i/clk_wiz_0/inst/clk_out1                                    | snake_i/snakeController_0/inst/snakeY2[105][4]_i_1_n_0 |                                                                                         |                7 |             11 |
|  snake_i/clk_wiz_0/inst/clk_out1                                    | snake_i/snakeController_0/inst/snakeY2[109][4]_i_1_n_0 |                                                                                         |                6 |             11 |
|  snake_i/clk_wiz_0/inst/clk_out1                                    | snake_i/snakeController_0/inst/snakeY2[115][4]_i_1_n_0 |                                                                                         |                5 |             11 |
|  snake_i/clk_wiz_0/inst/clk_out1                                    | snake_i/snakeController_0/inst/snakeY2[119][4]_i_1_n_0 |                                                                                         |                4 |             11 |
|  snake_i/clk_wiz_0/inst/clk_out1                                    | snake_i/snakeController_0/inst/snakeY2[121][4]_i_1_n_0 |                                                                                         |                4 |             11 |
|  snake_i/clk_wiz_0/inst/clk_out1                                    | snake_i/snakeController_0/inst/snakeY2[117][4]_i_1_n_0 |                                                                                         |                6 |             11 |
|  snake_i/clk_wiz_0/inst/clk_out1                                    | snake_i/snakeController_0/inst/snakeY2[14][4]_i_1_n_0  |                                                                                         |                8 |             11 |
|  snake_i/clk_wiz_0/inst/clk_out1                                    | snake_i/snakeController_0/inst/snakeY2[122][4]_i_1_n_0 |                                                                                         |                5 |             11 |
|  snake_i/clk_wiz_0/inst/clk_out1                                    | snake_i/snakeController_0/inst/snakeY2[18][4]_i_1_n_0  |                                                                                         |                6 |             11 |
|  snake_i/clk_wiz_0/inst/clk_out1                                    | snake_i/snakeController_0/inst/snakeY2[23][4]_i_1_n_0  |                                                                                         |                7 |             11 |
|  snake_i/clk_wiz_0/inst/clk_out1                                    | snake_i/snakeController_0/inst/snakeY2[112][4]_i_1_n_0 |                                                                                         |                5 |             11 |
|  snake_i/clk_wiz_0/inst/clk_out1                                    | snake_i/snakeController_0/inst/snakeY2[26][4]_i_1_n_0  |                                                                                         |                7 |             11 |
|  snake_i/clk_wiz_0/inst/clk_out1                                    | snake_i/snakeController_0/inst/snakeY2[104][4]_i_1_n_0 |                                                                                         |                6 |             11 |
|  snake_i/clk_wiz_0/inst/clk_out1                                    | snake_i/snakeController_0/inst/snakeY2[107][4]_i_1_n_0 |                                                                                         |                5 |             11 |
|  snake_i/clk_wiz_0/inst/clk_out1                                    | snake_i/snakeController_0/inst/snakeY2[27][4]_i_1_n_0  |                                                                                         |                9 |             11 |
|  snake_i/clk_wiz_0/inst/clk_out1                                    | snake_i/snakeController_0/inst/snakeY2[108][4]_i_1_n_0 |                                                                                         |                5 |             11 |
|  snake_i/clk_wiz_0/inst/clk_out1                                    | snake_i/snakeController_0/inst/snakeY2[118][4]_i_1_n_0 |                                                                                         |                4 |             11 |
|  snake_i/clk_wiz_0/inst/clk_out1                                    | snake_i/snakeController_0/inst/snakeY2[12][4]_i_1_n_0  |                                                                                         |                7 |             11 |
|  snake_i/clk_wiz_0/inst/clk_out1                                    | snake_i/snakeController_0/inst/snakeY2[52][4]_i_1_n_0  |                                                                                         |                8 |             11 |
|  snake_i/clk_wiz_0/inst/clk_out1                                    | snake_i/snakeController_0/inst/snakeY2[42][4]_i_1_n_0  |                                                                                         |                4 |             11 |
|  snake_i/clk_wiz_0/inst/clk_out1                                    | snake_i/snakeController_0/inst/snakeY2[55][4]_i_1_n_0  |                                                                                         |                6 |             11 |
|  snake_i/clk_wiz_0/inst/clk_out1                                    | snake_i/snakeController_0/inst/snakeY2[46][4]_i_1_n_0  |                                                                                         |                6 |             11 |
|  snake_i/clk_wiz_0/inst/clk_out1                                    | snake_i/snakeController_0/inst/snakeY2[33][4]_i_1_n_0  |                                                                                         |                5 |             11 |
|  snake_i/clk_wiz_0/inst/clk_out1                                    | snake_i/snakeController_0/inst/snakeY2[39][4]_i_1_n_0  |                                                                                         |                7 |             11 |
|  snake_i/clk_wiz_0/inst/clk_out1                                    | snake_i/snakeController_0/inst/snakeY2[28][4]_i_1_n_0  |                                                                                         |                8 |             11 |
|  snake_i/clk_wiz_0/inst/clk_out1                                    | snake_i/snakeController_0/inst/snakeY2[37][4]_i_1_n_0  |                                                                                         |                7 |             11 |
|  snake_i/clk_wiz_0/inst/clk_out1                                    | snake_i/snakeController_0/inst/snakeY2[43][4]_i_1_n_0  |                                                                                         |                8 |             11 |
|  snake_i/clk_wiz_0/inst/clk_out1                                    | snake_i/snakeController_0/inst/snakeY2[47][4]_i_1_n_0  |                                                                                         |                5 |             11 |
|  snake_i/clk_wiz_0/inst/clk_out1                                    | snake_i/snakeController_0/inst/snakeY2[48][4]_i_1_n_0  |                                                                                         |                7 |             11 |
|  snake_i/clk_wiz_0/inst/clk_out1                                    | snake_i/snakeController_0/inst/snakeY2[30][4]_i_1_n_0  |                                                                                         |                7 |             11 |
|  snake_i/clk_wiz_0/inst/clk_out1                                    | snake_i/snakeController_0/inst/snakeY2[51][4]_i_1_n_0  |                                                                                         |                7 |             11 |
|  snake_i/clk_wiz_0/inst/clk_out1                                    | snake_i/snakeController_0/inst/snakeY2[54][4]_i_1_n_0  |                                                                                         |                5 |             11 |
|  snake_i/clk_wiz_0/inst/clk_out1                                    | snake_i/snakeController_0/inst/snakeY2[56][4]_i_1_n_0  |                                                                                         |                5 |             11 |
|  snake_i/clk_wiz_0/inst/clk_out1                                    | snake_i/snakeController_0/inst/snakeY2[36][4]_i_1_n_0  |                                                                                         |                8 |             11 |
|  snake_i/clk_wiz_0/inst/clk_out1                                    | snake_i/snakeController_0/inst/snakeY2[57][4]_i_1_n_0  |                                                                                         |                7 |             11 |
|  snake_i/clk_wiz_0/inst/clk_out1                                    | snake_i/snakeController_0/inst/snakeY2[29][4]_i_1_n_0  |                                                                                         |                7 |             11 |
|  snake_i/clk_wiz_0/inst/clk_out1                                    | snake_i/snakeController_0/inst/snakeY2[35][4]_i_1_n_0  |                                                                                         |                6 |             11 |
|  snake_i/clk_wiz_0/inst/clk_out1                                    | snake_i/snakeController_0/inst/snakeY2[32][4]_i_1_n_0  |                                                                                         |                6 |             11 |
|  snake_i/clk_wiz_0/inst/clk_out1                                    | snake_i/snakeController_0/inst/snakeY2[31][4]_i_1_n_0  |                                                                                         |                9 |             11 |
|  snake_i/clk_wiz_0/inst/clk_out1                                    | snake_i/snakeController_0/inst/snakeY2[38][4]_i_1_n_0  |                                                                                         |                9 |             11 |
|  snake_i/clk_wiz_0/inst/clk_out1                                    | snake_i/snakeController_0/inst/snakeY2[41][4]_i_1_n_0  |                                                                                         |                4 |             11 |
|  snake_i/clk_wiz_0/inst/clk_out1                                    | snake_i/snakeController_0/inst/snakeY2[40][4]_i_1_n_0  |                                                                                         |                7 |             11 |
|  snake_i/clk_wiz_0/inst/clk_out1                                    | snake_i/snakeController_0/inst/snakeY2[45][4]_i_1_n_0  |                                                                                         |                5 |             11 |
|  snake_i/clk_wiz_0/inst/clk_out1                                    | snake_i/snakeController_0/inst/snakeY2[2][4]_i_1_n_0   |                                                                                         |                7 |             11 |
|  snake_i/clk_wiz_0/inst/clk_out1                                    | snake_i/snakeController_0/inst/snakeY2[4][4]_i_1_n_0   |                                                                                         |                6 |             11 |
|  snake_i/clk_wiz_0/inst/clk_out1                                    | snake_i/snakeController_0/inst/snakeY2[53][4]_i_1_n_0  |                                                                                         |                7 |             11 |
|  snake_i/clk_wiz_0/inst/clk_out1                                    | snake_i/snakeController_0/inst/snakeY2[58][4]_i_1_n_0  |                                                                                         |                5 |             11 |
|  snake_i/clk_wiz_0/inst/clk_out1                                    | snake_i/snakeController_0/inst/snakeY2[59][4]_i_1_n_0  |                                                                                         |                8 |             11 |
|  snake_i/clk_wiz_0/inst/clk_out1                                    | snake_i/snakeController_0/inst/snakeY2[49][4]_i_1_n_0  |                                                                                         |                9 |             11 |
|  snake_i/clk_wiz_0/inst/clk_out1                                    | snake_i/snakeController_0/inst/snakeY2[5][4]_i_1_n_0   |                                                                                         |                7 |             11 |
|  snake_i/clk_wiz_0/inst/clk_out1                                    | snake_i/snakeController_0/inst/snakeY2[61][4]_i_1_n_0  |                                                                                         |                6 |             11 |
|  snake_i/clk_wiz_0/inst/clk_out1                                    | snake_i/snakeController_0/inst/snakeY2[62][4]_i_1_n_0  |                                                                                         |                5 |             11 |
|  snake_i/clk_wiz_0/inst/clk_out1                                    | snake_i/snakeController_0/inst/snakeY2[44][4]_i_1_n_0  |                                                                                         |                9 |             11 |
|  snake_i/clk_wiz_0/inst/clk_out1                                    | snake_i/snakeController_0/inst/snakeY2[60][4]_i_1_n_0  |                                                                                         |                5 |             11 |
|  snake_i/clk_wiz_0/inst/clk_out1                                    | snake_i/snakeController_0/inst/snakeY2[63][4]_i_1_n_0  |                                                                                         |                7 |             11 |
|  snake_i/clk_wiz_0/inst/clk_out1                                    | snake_i/snakeController_0/inst/snakeY2[64][4]_i_1_n_0  |                                                                                         |                7 |             11 |
|  snake_i/clk_wiz_0/inst/clk_out1                                    | snake_i/snakeController_0/inst/snakeY2[65][4]_i_1_n_0  |                                                                                         |                6 |             11 |
|  snake_i/clk_wiz_0/inst/clk_out1                                    | snake_i/snakeController_0/inst/snakeY2[66][4]_i_1_n_0  |                                                                                         |                8 |             11 |
|  snake_i/clk_wiz_0/inst/clk_out1                                    | snake_i/snakeController_0/inst/snakeY2[3][4]_i_1_n_0   |                                                                                         |                7 |             11 |
|  snake_i/clk_wiz_0/inst/clk_out1                                    | snake_i/snakeController_0/inst/snakeY2[67][4]_i_1_n_0  |                                                                                         |                8 |             11 |
|  snake_i/clk_wiz_0/inst/clk_out1                                    | snake_i/snakeController_0/inst/snakeY2[34][4]_i_1_n_0  |                                                                                         |                9 |             11 |
|  snake_i/clk_wiz_0/inst/clk_out1                                    | snake_i/snakeController_0/inst/snakeY2[50][4]_i_1_n_0  |                                                                                         |                6 |             11 |
|  snake_i/clk_wiz_0/inst/clk_out1                                    | snake_i/snakeController_0/inst/snakeY2[6][4]_i_1_n_0   |                                                                                         |               10 |             11 |
|  snake_i/clk_wiz_0/inst/clk_out1                                    | snake_i/snakeController_0/inst/snakeY2[76][4]_i_1_n_0  |                                                                                         |                8 |             11 |
|  snake_i/clk_wiz_0/inst/clk_out1                                    | snake_i/snakeController_0/inst/snakeY2[80][4]_i_1_n_0  |                                                                                         |                7 |             11 |
|  snake_i/clk_wiz_0/inst/clk_out1                                    | snake_i/snakeController_0/inst/snakeY2[84][4]_i_1_n_0  |                                                                                         |                6 |             11 |
|  snake_i/clk_wiz_0/inst/clk_out1                                    | snake_i/snakeController_0/inst/snakeY2[91][4]_i_1_n_0  |                                                                                         |                7 |             11 |
|  snake_i/clk_wiz_0/inst/clk_out1                                    | snake_i/snakeController_0/inst/snakeY2[92][4]_i_1_n_0  |                                                                                         |                7 |             11 |
|  snake_i/clk_wiz_0/inst/clk_out1                                    | snake_i/snakeController_0/inst/snakeY2[77][4]_i_1_n_0  |                                                                                         |                6 |             11 |
|  snake_i/clk_wiz_0/inst/clk_out1                                    | snake_i/snakeController_0/inst/snakeY2[79][4]_i_1_n_0  |                                                                                         |                7 |             11 |
|  snake_i/clk_wiz_0/inst/clk_out1                                    | snake_i/snakeController_0/inst/snakeY2[69][4]_i_1_n_0  |                                                                                         |                7 |             11 |
|  snake_i/clk_wiz_0/inst/clk_out1                                    | snake_i/snakeController_0/inst/snakeY2[74][4]_i_1_n_0  |                                                                                         |                7 |             11 |
|  snake_i/clk_wiz_0/inst/clk_out1                                    | snake_i/snakeController_0/inst/snakeY2[81][4]_i_1_n_0  |                                                                                         |                6 |             11 |
|  snake_i/clk_wiz_0/inst/clk_out1                                    | snake_i/snakeController_0/inst/snakeY2[96][4]_i_1_n_0  |                                                                                         |                7 |             11 |
|  snake_i/clk_wiz_0/inst/clk_out1                                    | snake_i/snakeController_0/inst/snakeY2[9][4]_i_1_n_0   |                                                                                         |                8 |             11 |
|  snake_i/clk_wiz_0/inst/clk_out1                                    | snake_i/snakeController_0/inst/snakeY2[72][4]_i_1_n_0  |                                                                                         |                7 |             11 |
|  snake_i/clk_wiz_0/inst/clk_out1                                    | snake_i/snakeController_0/inst/snakeY2[82][4]_i_1_n_0  |                                                                                         |                6 |             11 |
|  snake_i/clk_wiz_0/inst/clk_out1                                    | snake_i/snakeController_0/inst/snakeY2[98][4]_i_1_n_0  |                                                                                         |                6 |             11 |
|  snake_i/clk_wiz_0/inst/clk_out1                                    | snake_i/snakeController_0/inst/snakeY2[88][4]_i_1_n_0  |                                                                                         |                6 |             11 |
|  snake_i/clk_wiz_0/inst/clk_out1                                    | snake_i/snakeController_0/inst/snakeY2[7][4]_i_1_n_0   |                                                                                         |                6 |             11 |
|  snake_i/clk_wiz_0/inst/clk_out1                                    | snake_i/snakeController_0/inst/snakeY2[73][4]_i_1_n_0  |                                                                                         |                7 |             11 |
|  snake_i/clk_wiz_0/inst/clk_out1                                    | snake_i/snakeController_0/inst/snakeY2[71][4]_i_1_n_0  |                                                                                         |                6 |             11 |
|  snake_i/clk_wiz_0/inst/clk_out1                                    | snake_i/snakeController_0/inst/snakeY2[89][4]_i_1_n_0  |                                                                                         |                7 |             11 |
|  snake_i/clk_wiz_0/inst/clk_out1                                    | snake_i/snakeController_0/inst/snakeY2[83][4]_i_1_n_0  |                                                                                         |                7 |             11 |
|  snake_i/clk_wiz_0/inst/clk_out1                                    | snake_i/snakeController_0/inst/snakeY2[68][4]_i_1_n_0  |                                                                                         |                8 |             11 |
|  snake_i/clk_wiz_0/inst/clk_out1                                    | snake_i/snakeController_0/inst/snakeY2[8][4]_i_1_n_0   |                                                                                         |                7 |             11 |
|  snake_i/clk_wiz_0/inst/clk_out1                                    | snake_i/snakeController_0/inst/snakeY2[75][4]_i_1_n_0  |                                                                                         |                7 |             11 |
|  snake_i/clk_wiz_0/inst/clk_out1                                    | snake_i/snakeController_0/inst/snakeY2[87][4]_i_1_n_0  |                                                                                         |                5 |             11 |
|  snake_i/clk_wiz_0/inst/clk_out1                                    | snake_i/snakeController_0/inst/snakeY2[97][4]_i_1_n_0  |                                                                                         |                6 |             11 |
|  snake_i/clk_wiz_0/inst/clk_out1                                    | snake_i/snakeController_0/inst/snakeY2[85][4]_i_1_n_0  |                                                                                         |                6 |             11 |
|  snake_i/clk_wiz_0/inst/clk_out1                                    | snake_i/snakeController_0/inst/snakeY2[93][4]_i_1_n_0  |                                                                                         |                7 |             11 |
|  snake_i/clk_wiz_0/inst/clk_out1                                    | snake_i/snakeController_0/inst/snakeY2[99][4]_i_1_n_0  |                                                                                         |                6 |             11 |
|  snake_i/clk_wiz_0/inst/clk_out1                                    | snake_i/snakeController_0/inst/snakeY2[86][4]_i_1_n_0  |                                                                                         |                6 |             11 |
|  snake_i/clk_wiz_0/inst/clk_out1                                    |                                                        | snake_i/display_timing_0/inst/y_0                                                       |                4 |             15 |
|  snake_i/clk_wiz_0/inst/clk_out1                                    | snake_i/display_timing_0/inst/y_0                      | snake_i/display_timing_0/inst/y[15]_i_1_n_0                                             |                4 |             15 |
|  snake_i/clk_wiz_0/inst/clk_out1                                    |                                                        | snake_i/snakeController_0/inst/clear                                                    |                7 |             27 |
|  sysclk_IBUF_BUFG                                                   |                                                        | snake_i/SNES_0/inst/snesClkDiv/clock830_carry__2_n_0                                    |                8 |             32 |
|  snake_i/clk_wiz_0/inst/clk_out1                                    |                                                        | snake_i/rgb2dvi_0/U0/DataEncoders[0].DataEncoder/SR[0]                                  |               15 |             32 |
|  sysclk_IBUF_BUFG                                                   |                                                        | snake_i/SNES_0/inst/snesClkDiv/clear                                                    |                9 |             33 |
|  snake_i/clk_wiz_0/inst/clk_out1                                    |                                                        |                                                                                         |               43 |            104 |
+---------------------------------------------------------------------+--------------------------------------------------------+-----------------------------------------------------------------------------------------+------------------+----------------+


